../Core/Src/main.c:141:6:INA219_Init	32	static
../Core/Src/main.c:166:5:main	8	static
../Core/Src/main.c:274:6:SystemClock_Config	88	static
../Core/Src/main.c:322:13:MX_ADC1_Init	24	static
../Core/Src/main.c:374:13:MX_I2C1_Init	8	static
../Core/Src/main.c:408:13:MX_TIM3_Init	64	static
../Core/Src/main.c:467:13:MX_USART2_UART_Init	8	static
../Core/Src/main.c:500:13:MX_GPIO_Init	40	static
../Core/Src/main.c:555:6:Motor_SetSpeed	24	static
../Core/Src/main.c:564:6:Motor_Stop	8	static
../Core/Src/main.c:581:6:StartMotorControlTask	16	static
../Core/Src/main.c:608:6:StartPowerMonitrorTask	56	static
../Core/Src/main.c:642:6:StartTemperatureTask	40	static
../Core/Src/main.c:692:6:StartSafetySupervisorTask	24	static
../Core/Src/main.c:780:6:StartDisplayTask	88	static
../Core/Src/main.c:848:6:StartLoggingTask	144	static
../Core/Src/main.c:885:6:HAL_TIM_PeriodElapsedCallback	16	static
../Core/Src/main.c:900:6:HAL_GPIO_EXTI_Callback	16	static
../Core/Src/main.c:912:6:Error_Handler	4	static,ignoring_inline_asm
